<?xml version='1.0' encoding='UTF-8'?>
<caom2:Observation xmlns:caom2="http://www.opencadc.org/caom2/xml/v2.4" xmlns:xsi="http://www.w3.org/2001/XMLSchema-instance" xsi:type="caom2:SimpleObservation" caom2:id="355c5c4b-ceab-489d-958f-1d9fc224e04b" caom2:lastModified="2019-06-05T21:58:09.049" caom2:maxLastModified="2020-01-28T01:23:32.524" caom2:metaChecksum="md5:40f8a4ded344eba06331fff391711c73" caom2:accMetaChecksum="md5:7e2fb63e87d824c88d01fb9c311af487" caom2:metaProducer="cfht2caom2/0.1.0">
  <caom2:collection>CFHT</caom2:collection>
  <caom2:observationID>2401734</caom2:observationID>
  <caom2:metaRelease>2024-01-31T00:00:00.000</caom2:metaRelease>
  <caom2:sequenceNumber>2401734</caom2:sequenceNumber>
  <caom2:algorithm>
    <caom2:name>exposure</caom2:name>
  </caom2:algorithm>
  <caom2:type>OBJECT</caom2:type>
  <caom2:intent>science</caom2:intent>
  <caom2:proposal>
    <caom2:id>18BD50</caom2:id>
    <caom2:pi>Engineering</caom2:pi>
  </caom2:proposal>
  <caom2:target>
    <caom2:name>ADLeo</caom2:name>
    <caom2:standard>false</caom2:standard>
  </caom2:target>
  <caom2:targetPosition>
    <caom2:coordsys>FK5</caom2:coordsys>
    <caom2:equinox>2000.0</caom2:equinox>
    <caom2:coordinates>
      <caom2:cval1>154.89862499999998</caom2:cval1>
      <caom2:cval2>19.869805555555555</caom2:cval2>
    </caom2:coordinates>
  </caom2:targetPosition>
  <caom2:telescope>
    <caom2:name>CFHT 3.6m</caom2:name>
    <caom2:geoLocationX>-5464301.771353686</caom2:geoLocationX>
    <caom2:geoLocationY>-2493489.8730419003</caom2:geoLocationY>
    <caom2:geoLocationZ>2151085.1695058867</caom2:geoLocationZ>
  </caom2:telescope>
  <caom2:instrument>
    <caom2:name>SPIRou</caom2:name>
  </caom2:instrument>
  <caom2:environment>
    <caom2:humidity>38.61</caom2:humidity>
    <caom2:elevation>80.5573</caom2:elevation>
    <caom2:ambientTemp>1.08</caom2:ambientTemp>
  </caom2:environment>
  <caom2:planes>
    <caom2:plane caom2:id="8743285e-90f8-46d9-b842-7c76e34644bc" caom2:lastModified="2019-06-05T21:58:09.049" caom2:maxLastModified="2019-11-06T09:22:43.486" caom2:metaChecksum="md5:2d0847e61d6c5a58e9ccce11832e36c6" caom2:accMetaChecksum="md5:e5748d8f3349677876d42aa7129d6947" caom2:metaProducer="cfht2caom2/0.1.0">
      <caom2:productID>2401734o</caom2:productID>
      <caom2:metaRelease>2024-01-31T00:00:00.000</caom2:metaRelease>
      <caom2:dataRelease>2024-01-31T00:00:00.000</caom2:dataRelease>
      <caom2:dataProductType>spectrum</caom2:dataProductType>
      <caom2:calibrationLevel>1</caom2:calibrationLevel>
      <caom2:provenance>
        <caom2:name>fitspipe</caom2:name>
        <caom2:version>2.08 (Apr 06 2018)</caom2:version>
        <caom2:project>STANDARD PIPELINE</caom2:project>
        <caom2:producer>CFHT</caom2:producer>
        <caom2:runID>18Ap01</caom2:runID>
        <caom2:reference>http://www.cfht.hawaii.edu/Instruments/SPIRou/</caom2:reference>
      </caom2:provenance>
      <caom2:artifacts>
        <caom2:artifact caom2:id="07e1429c-bda8-4c17-a73d-829f89d3d2f6" caom2:lastModified="2019-06-05T21:58:09.049" caom2:maxLastModified="2019-11-06T09:22:43.486" caom2:metaChecksum="md5:17729ba34f0e289828b2281ca85c07e4" caom2:accMetaChecksum="md5:5df657199e24de56d90cb7dba8e99518" caom2:metaProducer="cfht2caom2/0.1.0">
          <caom2:uri>ad:CFHT/2401734o.fits</caom2:uri>
          <caom2:productType>science</caom2:productType>
          <caom2:releaseType>data</caom2:releaseType>
          <caom2:contentType>application/fits</caom2:contentType>
          <caom2:contentChecksum>md5:9f3dd52972afb3ff6ba7be5594b6e4e6</caom2:contentChecksum>
          <caom2:parts>
            <caom2:part caom2:id="a136eca6-c628-46a7-a2e1-9993ef4efa5b" caom2:lastModified="2019-06-05T21:58:09.049" caom2:maxLastModified="2019-06-05T21:58:09.049" caom2:metaChecksum="md5:37a37e653fd21818e699f27ff65f4175" caom2:accMetaChecksum="md5:c1397726765cb4e41d2b768632111698">
              <caom2:name>0</caom2:name>
              <caom2:chunks/>
            </caom2:part>
            <caom2:part caom2:id="124caf83-3e5b-4015-896a-0c1f4c89e275" caom2:lastModified="2019-06-05T21:58:09.049" caom2:maxLastModified="2019-06-05T21:58:09.049" caom2:metaChecksum="md5:f956b9e660eee8183bfb55b108e28b06" caom2:accMetaChecksum="md5:d423454e418521bf625f51eed681ac38">
              <caom2:name>count</caom2:name>
              <caom2:chunks>
                <caom2:chunk caom2:id="9aabbdcc-13d9-4263-91d7-08c75584ca3a" caom2:lastModified="2019-06-05T21:58:09.049" caom2:maxLastModified="2019-06-05T21:58:09.049" caom2:metaChecksum="md5:964a7fb26690eac99a79997235498028" caom2:accMetaChecksum="md5:b2c24445eaa39925496b745bbfc93fab" caom2:metaProducer="cfht2caom2/0.1.0">
                  <caom2:position>
                    <caom2:axis>
                      <caom2:axis1>
                        <caom2:ctype>RA---TAN</caom2:ctype>
                        <caom2:cunit>deg</caom2:cunit>
                      </caom2:axis1>
                      <caom2:axis2>
                        <caom2:ctype>DEC--TAN</caom2:ctype>
                        <caom2:cunit>deg</caom2:cunit>
                      </caom2:axis2>
                      <caom2:error1>
                        <caom2:syser>2.78e-05</caom2:syser>
                        <caom2:rnder>2.78e-05</caom2:rnder>
                      </caom2:error1>
                      <caom2:error2>
                        <caom2:syser>2.78e-05</caom2:syser>
                        <caom2:rnder>2.78e-05</caom2:rnder>
                      </caom2:error2>
                      <caom2:function>
                        <caom2:dimension>
                          <caom2:naxis1>1</caom2:naxis1>
                          <caom2:naxis2>1</caom2:naxis2>
                        </caom2:dimension>
                        <caom2:refCoord>
                          <caom2:coord1>
                            <caom2:pix>1.0</caom2:pix>
                            <caom2:val>154.898625</caom2:val>
                          </caom2:coord1>
                          <caom2:coord2>
                            <caom2:pix>1.0</caom2:pix>
                            <caom2:val>19.869806</caom2:val>
                          </caom2:coord2>
                        </caom2:refCoord>
                        <caom2:cd11>-0.00035833</caom2:cd11>
                        <caom2:cd12>0.0</caom2:cd12>
                        <caom2:cd21>0.0</caom2:cd21>
                        <caom2:cd22>0.00035833</caom2:cd22>
                      </caom2:function>
                    </caom2:axis>
                    <caom2:coordsys>FK5</caom2:coordsys>
                    <caom2:equinox>2000.0</caom2:equinox>
                  </caom2:position>
                  <caom2:energy>
                    <caom2:axis>
                      <caom2:axis>
                        <caom2:ctype>WAVE</caom2:ctype>
                        <caom2:cunit>m</caom2:cunit>
                      </caom2:axis>
                      <caom2:error>
                        <caom2:syser>0.001</caom2:syser>
                        <caom2:rnder>0.001</caom2:rnder>
                      </caom2:error>
                      <caom2:function>
                        <caom2:naxis>1</caom2:naxis>
                        <caom2:delta>1.56e-06</caom2:delta>
                        <caom2:refCoord>
                          <caom2:pix>0.5</caom2:pix>
                          <caom2:val>9.55e-07</caom2:val>
                        </caom2:refCoord>
                      </caom2:function>
                    </caom2:axis>
                    <caom2:specsys>TOPOCENT</caom2:specsys>
                    <caom2:ssysobs>TOPOCENT</caom2:ssysobs>
                    <caom2:ssyssrc>TOPOCENT</caom2:ssyssrc>
                    <caom2:resolvingPower>73000.0</caom2:resolvingPower>
                  </caom2:energy>
                  <caom2:time>
                    <caom2:axis>
                      <caom2:axis>
                        <caom2:ctype>TIME</caom2:ctype>
                        <caom2:cunit>d</caom2:cunit>
                      </caom2:axis>
                      <caom2:error>
                        <caom2:syser>1e-07</caom2:syser>
                        <caom2:rnder>1e-07</caom2:rnder>
                      </caom2:error>
                      <caom2:function>
                        <caom2:naxis>1</caom2:naxis>
                        <caom2:delta>0.000773877314815</caom2:delta>
                        <caom2:refCoord>
                          <caom2:pix>0.5</caom2:pix>
                          <caom2:val>58233.242663</caom2:val>
                        </caom2:refCoord>
                      </caom2:function>
                    </caom2:axis>
                    <caom2:timesys>UTC</caom2:timesys>
                    <caom2:exposure>61.291</caom2:exposure>
                    <caom2:resolution>61.291</caom2:resolution>
                  </caom2:time>
                </caom2:chunk>
              </caom2:chunks>
            </caom2:part>
            <caom2:part caom2:id="8cdbc4d4-58dc-4149-a0a0-a70321e68f49" caom2:lastModified="2019-06-05T21:58:09.049" caom2:maxLastModified="2019-06-05T21:58:09.049" caom2:metaChecksum="md5:fcb11d4b465a3e7b754cdfbb53b52a6a" caom2:accMetaChecksum="md5:150f1a7029b9ef1c78700d8b897eacec">
              <caom2:name>errslope</caom2:name>
              <caom2:chunks>
                <caom2:chunk caom2:id="5b7d0c1e-6818-4b70-acef-1783e16795cd" caom2:lastModified="2019-06-05T21:58:09.049" caom2:maxLastModified="2019-06-05T21:58:09.049" caom2:metaChecksum="md5:6b3bb5ecb6e5e0a708424009c0066849" caom2:accMetaChecksum="md5:3043026f789c08ee21d0b10be59aa365" caom2:metaProducer="cfht2caom2/0.1.0">
                  <caom2:position>
                    <caom2:axis>
                      <caom2:axis1>
                        <caom2:ctype>RA---TAN</caom2:ctype>
                        <caom2:cunit>deg</caom2:cunit>
                      </caom2:axis1>
                      <caom2:axis2>
                        <caom2:ctype>DEC--TAN</caom2:ctype>
                        <caom2:cunit>deg</caom2:cunit>
                      </caom2:axis2>
                      <caom2:error1>
                        <caom2:syser>2.78e-05</caom2:syser>
                        <caom2:rnder>2.78e-05</caom2:rnder>
                      </caom2:error1>
                      <caom2:error2>
                        <caom2:syser>2.78e-05</caom2:syser>
                        <caom2:rnder>2.78e-05</caom2:rnder>
                      </caom2:error2>
                      <caom2:function>
                        <caom2:dimension>
                          <caom2:naxis1>1</caom2:naxis1>
                          <caom2:naxis2>1</caom2:naxis2>
                        </caom2:dimension>
                        <caom2:refCoord>
                          <caom2:coord1>
                            <caom2:pix>1.0</caom2:pix>
                            <caom2:val>154.898625</caom2:val>
                          </caom2:coord1>
                          <caom2:coord2>
                            <caom2:pix>1.0</caom2:pix>
                            <caom2:val>19.869806</caom2:val>
                          </caom2:coord2>
                        </caom2:refCoord>
                        <caom2:cd11>-0.00035833</caom2:cd11>
                        <caom2:cd12>0.0</caom2:cd12>
                        <caom2:cd21>0.0</caom2:cd21>
                        <caom2:cd22>0.00035833</caom2:cd22>
                      </caom2:function>
                    </caom2:axis>
                    <caom2:coordsys>FK5</caom2:coordsys>
                    <caom2:equinox>2000.0</caom2:equinox>
                  </caom2:position>
                  <caom2:energy>
                    <caom2:axis>
                      <caom2:axis>
                        <caom2:ctype>WAVE</caom2:ctype>
                        <caom2:cunit>m</caom2:cunit>
                      </caom2:axis>
                      <caom2:error>
                        <caom2:syser>0.001</caom2:syser>
                        <caom2:rnder>0.001</caom2:rnder>
                      </caom2:error>
                      <caom2:function>
                        <caom2:naxis>1</caom2:naxis>
                        <caom2:delta>1.56e-06</caom2:delta>
                        <caom2:refCoord>
                          <caom2:pix>0.5</caom2:pix>
                          <caom2:val>9.55e-07</caom2:val>
                        </caom2:refCoord>
                      </caom2:function>
                    </caom2:axis>
                    <caom2:specsys>TOPOCENT</caom2:specsys>
                    <caom2:ssysobs>TOPOCENT</caom2:ssysobs>
                    <caom2:ssyssrc>TOPOCENT</caom2:ssyssrc>
                    <caom2:resolvingPower>73000.0</caom2:resolvingPower>
                  </caom2:energy>
                  <caom2:time>
                    <caom2:axis>
                      <caom2:axis>
                        <caom2:ctype>TIME</caom2:ctype>
                        <caom2:cunit>d</caom2:cunit>
                      </caom2:axis>
                      <caom2:error>
                        <caom2:syser>1e-07</caom2:syser>
                        <caom2:rnder>1e-07</caom2:rnder>
                      </caom2:error>
                      <caom2:function>
                        <caom2:naxis>1</caom2:naxis>
                        <caom2:delta>0.000773877314815</caom2:delta>
                        <caom2:refCoord>
                          <caom2:pix>0.5</caom2:pix>
                          <caom2:val>58233.242663</caom2:val>
                        </caom2:refCoord>
                      </caom2:function>
                    </caom2:axis>
                    <caom2:timesys>UTC</caom2:timesys>
                    <caom2:exposure>61.291</caom2:exposure>
                    <caom2:resolution>61.291</caom2:resolution>
                  </caom2:time>
                </caom2:chunk>
              </caom2:chunks>
            </caom2:part>
            <caom2:part caom2:id="90e5a0cd-361d-451f-ba35-e5bc7f5ba78c" caom2:lastModified="2019-06-05T21:58:09.049" caom2:maxLastModified="2019-06-05T21:58:09.049" caom2:metaChecksum="md5:dfede340f8c46761274019d4cdcb5494" caom2:accMetaChecksum="md5:4e20c99167581095b54415c963c28b31">
              <caom2:name>intercept</caom2:name>
              <caom2:chunks>
                <caom2:chunk caom2:id="663d869c-014a-42a9-8fda-f9ca0fee56f7" caom2:lastModified="2019-06-05T21:58:09.049" caom2:maxLastModified="2019-06-05T21:58:09.049" caom2:metaChecksum="md5:654603721879d785af398bfd767cb6ad" caom2:accMetaChecksum="md5:a9309e5649aea6cd2466424f30eb7592" caom2:metaProducer="cfht2caom2/0.1.0">
                  <caom2:position>
                    <caom2:axis>
                      <caom2:axis1>
                        <caom2:ctype>RA---TAN</caom2:ctype>
                        <caom2:cunit>deg</caom2:cunit>
                      </caom2:axis1>
                      <caom2:axis2>
                        <caom2:ctype>DEC--TAN</caom2:ctype>
                        <caom2:cunit>deg</caom2:cunit>
                      </caom2:axis2>
                      <caom2:error1>
                        <caom2:syser>2.78e-05</caom2:syser>
                        <caom2:rnder>2.78e-05</caom2:rnder>
                      </caom2:error1>
                      <caom2:error2>
                        <caom2:syser>2.78e-05</caom2:syser>
                        <caom2:rnder>2.78e-05</caom2:rnder>
                      </caom2:error2>
                      <caom2:function>
                        <caom2:dimension>
                          <caom2:naxis1>1</caom2:naxis1>
                          <caom2:naxis2>1</caom2:naxis2>
                        </caom2:dimension>
                        <caom2:refCoord>
                          <caom2:coord1>
                            <caom2:pix>1.0</caom2:pix>
                            <caom2:val>154.898625</caom2:val>
                          </caom2:coord1>
                          <caom2:coord2>
                            <caom2:pix>1.0</caom2:pix>
                            <caom2:val>19.869806</caom2:val>
                          </caom2:coord2>
                        </caom2:refCoord>
                        <caom2:cd11>-0.00035833</caom2:cd11>
                        <caom2:cd12>0.0</caom2:cd12>
                        <caom2:cd21>0.0</caom2:cd21>
                        <caom2:cd22>0.00035833</caom2:cd22>
                      </caom2:function>
                    </caom2:axis>
                    <caom2:coordsys>FK5</caom2:coordsys>
                    <caom2:equinox>2000.0</caom2:equinox>
                  </caom2:position>
                  <caom2:energy>
                    <caom2:axis>
                      <caom2:axis>
                        <caom2:ctype>WAVE</caom2:ctype>
                        <caom2:cunit>m</caom2:cunit>
                      </caom2:axis>
                      <caom2:error>
                        <caom2:syser>0.001</caom2:syser>
                        <caom2:rnder>0.001</caom2:rnder>
                      </caom2:error>
                      <caom2:function>
                        <caom2:naxis>1</caom2:naxis>
                        <caom2:delta>1.56e-06</caom2:delta>
                        <caom2:refCoord>
                          <caom2:pix>0.5</caom2:pix>
                          <caom2:val>9.55e-07</caom2:val>
                        </caom2:refCoord>
                      </caom2:function>
                    </caom2:axis>
                    <caom2:specsys>TOPOCENT</caom2:specsys>
                    <caom2:ssysobs>TOPOCENT</caom2:ssysobs>
                    <caom2:ssyssrc>TOPOCENT</caom2:ssyssrc>
                    <caom2:resolvingPower>73000.0</caom2:resolvingPower>
                  </caom2:energy>
                  <caom2:time>
                    <caom2:axis>
                      <caom2:axis>
                        <caom2:ctype>TIME</caom2:ctype>
                        <caom2:cunit>d</caom2:cunit>
                      </caom2:axis>
                      <caom2:error>
                        <caom2:syser>1e-07</caom2:syser>
                        <caom2:rnder>1e-07</caom2:rnder>
                      </caom2:error>
                      <caom2:function>
                        <caom2:naxis>1</caom2:naxis>
                        <caom2:delta>0.000773877314815</caom2:delta>
                        <caom2:refCoord>
                          <caom2:pix>0.5</caom2:pix>
                          <caom2:val>58233.242663</caom2:val>
                        </caom2:refCoord>
                      </caom2:function>
                    </caom2:axis>
                    <caom2:timesys>UTC</caom2:timesys>
                    <caom2:exposure>61.291</caom2:exposure>
                    <caom2:resolution>61.291</caom2:resolution>
                  </caom2:time>
                </caom2:chunk>
              </caom2:chunks>
            </caom2:part>
            <caom2:part caom2:id="e52e5072-3851-4f26-bfac-a56efc878874" caom2:lastModified="2019-06-05T21:58:09.049" caom2:maxLastModified="2019-06-05T21:58:09.049" caom2:metaChecksum="md5:3555270c767db51b5a2d5cb821b903cf" caom2:accMetaChecksum="md5:088115cd548c89ab50a5202bbadc5da8">
              <caom2:name>slope</caom2:name>
              <caom2:chunks>
                <caom2:chunk caom2:id="c741c0b0-eae7-47d0-b726-0a9be1981bc2" caom2:lastModified="2019-06-05T21:58:09.049" caom2:maxLastModified="2019-06-05T21:58:09.049" caom2:metaChecksum="md5:3dc09276e786aed5ff100269393a8a0b" caom2:accMetaChecksum="md5:73ff065ff8b67b24f610a6c27691501e" caom2:metaProducer="cfht2caom2/0.1.0">
                  <caom2:position>
                    <caom2:axis>
                      <caom2:axis1>
                        <caom2:ctype>RA---TAN</caom2:ctype>
                        <caom2:cunit>deg</caom2:cunit>
                      </caom2:axis1>
                      <caom2:axis2>
                        <caom2:ctype>DEC--TAN</caom2:ctype>
                        <caom2:cunit>deg</caom2:cunit>
                      </caom2:axis2>
                      <caom2:error1>
                        <caom2:syser>2.78e-05</caom2:syser>
                        <caom2:rnder>2.78e-05</caom2:rnder>
                      </caom2:error1>
                      <caom2:error2>
                        <caom2:syser>2.78e-05</caom2:syser>
                        <caom2:rnder>2.78e-05</caom2:rnder>
                      </caom2:error2>
                      <caom2:function>
                        <caom2:dimension>
                          <caom2:naxis1>1</caom2:naxis1>
                          <caom2:naxis2>1</caom2:naxis2>
                        </caom2:dimension>
                        <caom2:refCoord>
                          <caom2:coord1>
                            <caom2:pix>1.0</caom2:pix>
                            <caom2:val>154.898625</caom2:val>
                          </caom2:coord1>
                          <caom2:coord2>
                            <caom2:pix>1.0</caom2:pix>
                            <caom2:val>19.869806</caom2:val>
                          </caom2:coord2>
                        </caom2:refCoord>
                        <caom2:cd11>-0.00035833</caom2:cd11>
                        <caom2:cd12>0.0</caom2:cd12>
                        <caom2:cd21>0.0</caom2:cd21>
                        <caom2:cd22>0.00035833</caom2:cd22>
                      </caom2:function>
                    </caom2:axis>
                    <caom2:coordsys>FK5</caom2:coordsys>
                    <caom2:equinox>2000.0</caom2:equinox>
                  </caom2:position>
                  <caom2:energy>
                    <caom2:axis>
                      <caom2:axis>
                        <caom2:ctype>WAVE</caom2:ctype>
                        <caom2:cunit>m</caom2:cunit>
                      </caom2:axis>
                      <caom2:error>
                        <caom2:syser>0.001</caom2:syser>
                        <caom2:rnder>0.001</caom2:rnder>
                      </caom2:error>
                      <caom2:function>
                        <caom2:naxis>1</caom2:naxis>
                        <caom2:delta>1.56e-06</caom2:delta>
                        <caom2:refCoord>
                          <caom2:pix>0.5</caom2:pix>
                          <caom2:val>9.55e-07</caom2:val>
                        </caom2:refCoord>
                      </caom2:function>
                    </caom2:axis>
                    <caom2:specsys>TOPOCENT</caom2:specsys>
                    <caom2:ssysobs>TOPOCENT</caom2:ssysobs>
                    <caom2:ssyssrc>TOPOCENT</caom2:ssyssrc>
                    <caom2:resolvingPower>73000.0</caom2:resolvingPower>
                  </caom2:energy>
                  <caom2:time>
                    <caom2:axis>
                      <caom2:axis>
                        <caom2:ctype>TIME</caom2:ctype>
                        <caom2:cunit>d</caom2:cunit>
                      </caom2:axis>
                      <caom2:error>
                        <caom2:syser>1e-07</caom2:syser>
                        <caom2:rnder>1e-07</caom2:rnder>
                      </caom2:error>
                      <caom2:function>
                        <caom2:naxis>1</caom2:naxis>
                        <caom2:delta>0.000773877314815</caom2:delta>
                        <caom2:refCoord>
                          <caom2:pix>0.5</caom2:pix>
                          <caom2:val>58233.242663</caom2:val>
                        </caom2:refCoord>
                      </caom2:function>
                    </caom2:axis>
                    <caom2:timesys>UTC</caom2:timesys>
                    <caom2:exposure>61.291</caom2:exposure>
                    <caom2:resolution>61.291</caom2:resolution>
                  </caom2:time>
                </caom2:chunk>
              </caom2:chunks>
            </caom2:part>
          </caom2:parts>
        </caom2:artifact>
      </caom2:artifacts>
    </caom2:plane>
  </caom2:planes>
</caom2:Observation>
