<?xml version='1.0' encoding='UTF-8'?>
<caom2:Observation xmlns:caom2="http://www.opencadc.org/caom2/xml/v2.4" xmlns:xsi="http://www.w3.org/2001/XMLSchema-instance" xsi:type="caom2:SimpleObservation" caom2:id="00000000-0000-0000-510a-01408b10bd0f" caom2:lastModified="2017-12-13T18:20:08.693" caom2:maxLastModified="2019-11-05T23:41:03.651" caom2:metaChecksum="md5:5ff529c7c5204065f33e49b0d89c4ae1" caom2:accMetaChecksum="md5:034f09dbdee5d01334b7754fa4cc8045" caom2:metaProducer="cfht2caom2/0.1.0">
  <caom2:collection>CFHT</caom2:collection>
  <caom2:observationID>979339</caom2:observationID>
  <caom2:metaRelease>2008-03-28T00:00:00.000</caom2:metaRelease>
  <caom2:sequenceNumber>979339</caom2:sequenceNumber>
  <caom2:algorithm>
    <caom2:name>exposure</caom2:name>
  </caom2:algorithm>
  <caom2:type>OBJECT</caom2:type>
  <caom2:intent>science</caom2:intent>
  <caom2:proposal>
    <caom2:id>08AC20</caom2:id>
    <caom2:pi>Jon Fulbright</caom2:pi>
  </caom2:proposal>
  <caom2:target>
    <caom2:name>J150751.1-105113</caom2:name>
    <caom2:standard>false</caom2:standard>
  </caom2:target>
  <caom2:targetPosition>
    <caom2:coordsys>FK5</caom2:coordsys>
    <caom2:equinox>2000.0</caom2:equinox>
    <caom2:coordinates>
      <caom2:cval1>226.96291666666664</caom2:cval1>
      <caom2:cval2>-10.853694444444445</caom2:cval2>
    </caom2:coordinates>
  </caom2:targetPosition>
  <caom2:telescope>
    <caom2:name>CFHT 3.6m</caom2:name>
    <caom2:geoLocationX>-5464301.771353686</caom2:geoLocationX>
    <caom2:geoLocationY>-2493489.8730419003</caom2:geoLocationY>
    <caom2:geoLocationZ>2151085.1695058867</caom2:geoLocationZ>
  </caom2:telescope>
  <caom2:instrument>
    <caom2:name>ESPaDOnS</caom2:name>
    <caom2:keywords>
      <caom2:keyword>R=65,000</caom2:keyword>
      <caom2:keyword>INSTMODE=Spectroscopy,</caom2:keyword>
      <caom2:keyword>star+sky,</caom2:keyword>
    </caom2:keywords>
  </caom2:instrument>
  <caom2:environment>
    <caom2:humidity>51.61</caom2:humidity>
    <caom2:elevation>44.37</caom2:elevation>
    <caom2:ambientTemp>-1.25</caom2:ambientTemp>
  </caom2:environment>
  <caom2:planes>
    <caom2:plane caom2:id="00000000-0000-0000-9d43-01408b10d43b" caom2:lastModified="2017-06-19T21:49:09.833" caom2:maxLastModified="2017-12-13T18:20:08.693" caom2:metaChecksum="md5:3feb3afa8117e796f74ca9b7507f89aa" caom2:accMetaChecksum="md5:881917119f1354cfab4ff608443c236e" caom2:metaProducer="cfht2caom2/0.1.0">
      <caom2:productID>979339i</caom2:productID>
      <caom2:metaRelease>2008-03-28T00:00:00.000</caom2:metaRelease>
      <caom2:dataRelease>2009-08-31T00:00:00.000</caom2:dataRelease>
      <caom2:dataProductType>spectrum</caom2:dataProductType>
      <caom2:calibrationLevel>2</caom2:calibrationLevel>
      <caom2:provenance>
        <caom2:name>UPENA</caom2:name>
        <caom2:version>1.0</caom2:version>
        <caom2:project>STANDARD PIPELINE</caom2:project>
        <caom2:producer>CFHT</caom2:producer>
        <caom2:reference>http://www.cfht.hawaii.edu/Instruments/Spectroscopy/Espadons/</caom2:reference>
        <caom2:lastExecuted>2009-03-14T08:51:55.000</caom2:lastExecuted>
        <caom2:keywords>
          <caom2:keyword>reduction=Intensity</caom2:keyword>
        </caom2:keywords>
        <caom2:inputs>
          <caom2:planeURI>caom:CFHT/979339/979339o</caom2:planeURI>
        </caom2:inputs>
      </caom2:provenance>
      <caom2:artifacts>
        <caom2:artifact caom2:id="00000000-0000-0000-9d43-01408b10d441" caom2:lastModified="2017-12-13T18:20:08.693" caom2:maxLastModified="2017-12-13T18:20:08.693" caom2:metaChecksum="md5:ff03cefbf533b79fa269e0164174fec1" caom2:accMetaChecksum="md5:d1a904bed89ac661778fa0ab14545c23" caom2:metaProducer="cfht2caom2/0.1.0">
          <caom2:uri>ad:CFHT/979339i.fits.gz</caom2:uri>
          <caom2:productType>science</caom2:productType>
          <caom2:releaseType>data</caom2:releaseType>
          <caom2:contentType>application/fits</caom2:contentType>
          <caom2:contentLength>23964480</caom2:contentLength>
          <caom2:contentChecksum>md5:3aab2c7c76bf60a552033fbf4208969a</caom2:contentChecksum>
          <caom2:parts>
            <caom2:part caom2:id="00000000-0000-0000-9d43-01408b10d442" caom2:lastModified="2013-08-17T06:57:51.687" caom2:maxLastModified="2013-08-17T06:57:51.687" caom2:metaChecksum="md5:87025674ff5f5bc1a932dd630d6d5b03" caom2:accMetaChecksum="md5:e7ce475d884642fc8f7b4354e8e3272f">
              <caom2:name>0</caom2:name>
              <caom2:chunks>
                <caom2:chunk caom2:id="00000000-0000-0000-9d43-01408b10d444" caom2:lastModified="2013-08-17T06:57:51.687" caom2:maxLastModified="2013-08-17T06:57:51.687" caom2:metaChecksum="md5:3abbe250e71b1272fc60971db25c653a" caom2:accMetaChecksum="md5:cdaf8a61ec9ad06668f51c0f5fdd02f2" caom2:metaProducer="cfht2caom2/0.1.0">
                  <caom2:naxis>2</caom2:naxis>
                  <caom2:observableAxis>2</caom2:observableAxis>
                  <caom2:positionAxis1>3</caom2:positionAxis1>
                  <caom2:positionAxis2>4</caom2:positionAxis2>
                  <caom2:energyAxis>1</caom2:energyAxis>
                  <caom2:timeAxis>5</caom2:timeAxis>
                  <caom2:observable>
                    <caom2:dependent>
                      <caom2:axis>
                        <caom2:ctype>flux</caom2:ctype>
                        <caom2:cunit>counts</caom2:cunit>
                      </caom2:axis>
                      <caom2:bin>2</caom2:bin>
                    </caom2:dependent>
                    <caom2:independent>
                      <caom2:axis>
                        <caom2:ctype>WAVE</caom2:ctype>
                        <caom2:cunit>nm</caom2:cunit>
                      </caom2:axis>
                      <caom2:bin>1</caom2:bin>
                    </caom2:independent>
                  </caom2:observable>
                  <caom2:position>
                    <caom2:axis>
                      <caom2:axis1>
                        <caom2:ctype>RA---TAN</caom2:ctype>
                        <caom2:cunit>deg</caom2:cunit>
                      </caom2:axis1>
                      <caom2:axis2>
                        <caom2:ctype>DEC--TAN</caom2:ctype>
                        <caom2:cunit>deg</caom2:cunit>
                      </caom2:axis2>
                      <caom2:error1>
                        <caom2:syser>2.78e-05</caom2:syser>
                        <caom2:rnder>2.78e-05</caom2:rnder>
                      </caom2:error1>
                      <caom2:error2>
                        <caom2:syser>2.78e-05</caom2:syser>
                        <caom2:rnder>2.78e-05</caom2:rnder>
                      </caom2:error2>
                      <caom2:function>
                        <caom2:dimension>
                          <caom2:naxis1>1</caom2:naxis1>
                          <caom2:naxis2>1</caom2:naxis2>
                        </caom2:dimension>
                        <caom2:refCoord>
                          <caom2:coord1>
                            <caom2:pix>1.0</caom2:pix>
                            <caom2:val>226.962917</caom2:val>
                          </caom2:coord1>
                          <caom2:coord2>
                            <caom2:pix>1.0</caom2:pix>
                            <caom2:val>-10.853694</caom2:val>
                          </caom2:coord2>
                        </caom2:refCoord>
                        <caom2:cd11>-0.000444</caom2:cd11>
                        <caom2:cd12>0.0</caom2:cd12>
                        <caom2:cd21>0.0</caom2:cd21>
                        <caom2:cd22>0.000444</caom2:cd22>
                      </caom2:function>
                    </caom2:axis>
                    <caom2:coordsys>FK5</caom2:coordsys>
                    <caom2:equinox>2000.0</caom2:equinox>
                  </caom2:position>
                  <caom2:energy>
                    <caom2:axis>
                      <caom2:axis>
                        <caom2:ctype>WAVE</caom2:ctype>
                        <caom2:cunit>nm</caom2:cunit>
                      </caom2:axis>
                      <caom2:bounds>
                        <caom2:samples>
                          <caom2:range>
                            <caom2:start>
                              <caom2:pix>1.0</caom2:pix>
                              <caom2:val>369.722198486</caom2:val>
                            </caom2:start>
                            <caom2:end>
                              <caom2:pix>2471.0</caom2:pix>
                              <caom2:val>375.113494873</caom2:val>
                            </caom2:end>
                          </caom2:range>
                          <caom2:range>
                            <caom2:start>
                              <caom2:pix>2472.0</caom2:pix>
                              <caom2:val>372.971008301</caom2:val>
                            </caom2:start>
                            <caom2:end>
                              <caom2:pix>6175.0</caom2:pix>
                              <caom2:val>381.428894043</caom2:val>
                            </caom2:end>
                          </caom2:range>
                          <caom2:range>
                            <caom2:start>
                              <caom2:pix>6176.0</caom2:pix>
                              <caom2:val>379.215393066</caom2:val>
                            </caom2:start>
                            <caom2:end>
                              <caom2:pix>9943.0</caom2:pix>
                              <caom2:val>387.962188721</caom2:val>
                            </caom2:end>
                          </caom2:range>
                          <caom2:range>
                            <caom2:start>
                              <caom2:pix>9944.0</caom2:pix>
                              <caom2:val>385.674804688</caom2:val>
                            </caom2:start>
                            <caom2:end>
                              <caom2:pix>13776.0</caom2:pix>
                              <caom2:val>394.722686768</caom2:val>
                            </caom2:end>
                          </caom2:range>
                          <caom2:range>
                            <caom2:start>
                              <caom2:pix>13777.0</caom2:pix>
                              <caom2:val>392.358093262</caom2:val>
                            </caom2:start>
                            <caom2:end>
                              <caom2:pix>17675.0</caom2:pix>
                              <caom2:val>401.720214844</caom2:val>
                            </caom2:end>
                          </caom2:range>
                          <caom2:range>
                            <caom2:start>
                              <caom2:pix>17676.0</caom2:pix>
                              <caom2:val>399.271789551</caom2:val>
                            </caom2:start>
                            <caom2:end>
                              <caom2:pix>21645.0</caom2:pix>
                              <caom2:val>408.971801758</caom2:val>
                            </caom2:end>
                          </caom2:range>
                          <caom2:range>
                            <caom2:start>
                              <caom2:pix>21646.0</caom2:pix>
                              <caom2:val>406.436706543</caom2:val>
                            </caom2:start>
                            <caom2:end>
                              <caom2:pix>25687.0</caom2:pix>
                              <caom2:val>416.48928833</caom2:val>
                            </caom2:end>
                          </caom2:range>
                          <caom2:range>
                            <caom2:start>
                              <caom2:pix>25688.0</caom2:pix>
                              <caom2:val>413.866912842</caom2:val>
                            </caom2:start>
                            <caom2:end>
                              <caom2:pix>29803.0</caom2:pix>
                              <caom2:val>424.289306641</caom2:val>
                            </caom2:end>
                          </caom2:range>
                          <caom2:range>
                            <caom2:start>
                              <caom2:pix>29804.0</caom2:pix>
                              <caom2:val>421.568786621</caom2:val>
                            </caom2:start>
                            <caom2:end>
                              <caom2:pix>33997.0</caom2:pix>
                              <caom2:val>432.385803223</caom2:val>
                            </caom2:end>
                          </caom2:range>
                          <caom2:range>
                            <caom2:start>
                              <caom2:pix>33998.0</caom2:pix>
                              <caom2:val>429.560913086</caom2:val>
                            </caom2:start>
                            <caom2:end>
                              <caom2:pix>38272.0</caom2:pix>
                              <caom2:val>440.795684814</caom2:val>
                            </caom2:end>
                          </caom2:range>
                          <caom2:range>
                            <caom2:start>
                              <caom2:pix>38273.0</caom2:pix>
                              <caom2:val>437.866088867</caom2:val>
                            </caom2:start>
                            <caom2:end>
                              <caom2:pix>42630.0</caom2:pix>
                              <caom2:val>449.539886475</caom2:val>
                            </caom2:end>
                          </caom2:range>
                          <caom2:range>
                            <caom2:start>
                              <caom2:pix>42631.0</caom2:pix>
                              <caom2:val>446.491210938</caom2:val>
                            </caom2:start>
                            <caom2:end>
                              <caom2:pix>47076.0</caom2:pix>
                              <caom2:val>458.635803223</caom2:val>
                            </caom2:end>
                          </caom2:range>
                          <caom2:range>
                            <caom2:start>
                              <caom2:pix>47077.0</caom2:pix>
                              <caom2:val>455.468292236</caom2:val>
                            </caom2:start>
                            <caom2:end>
                              <caom2:pix>51612.0</caom2:pix>
                              <caom2:val>468.107788086</caom2:val>
                            </caom2:end>
                          </caom2:range>
                          <caom2:range>
                            <caom2:start>
                              <caom2:pix>51613.0</caom2:pix>
                              <caom2:val>464.809387207</caom2:val>
                            </caom2:start>
                            <caom2:end>
                              <caom2:pix>56244.0</caom2:pix>
                              <caom2:val>477.981414795</caom2:val>
                            </caom2:end>
                          </caom2:range>
                          <caom2:range>
                            <caom2:start>
                              <caom2:pix>56245.0</caom2:pix>
                              <caom2:val>474.544586182</caom2:val>
                            </caom2:start>
                            <caom2:end>
                              <caom2:pix>60974.0</caom2:pix>
                              <caom2:val>488.277404785</caom2:val>
                            </caom2:end>
                          </caom2:range>
                          <caom2:range>
                            <caom2:start>
                              <caom2:pix>60975.0</caom2:pix>
                              <caom2:val>484.699310303</caom2:val>
                            </caom2:start>
                            <caom2:end>
                              <caom2:pix>65806.0</caom2:pix>
                              <caom2:val>499.028411865</caom2:val>
                            </caom2:end>
                          </caom2:range>
                          <caom2:range>
                            <caom2:start>
                              <caom2:pix>65807.0</caom2:pix>
                              <caom2:val>495.287994385</caom2:val>
                            </caom2:start>
                            <caom2:end>
                              <caom2:pix>70746.0</caom2:pix>
                              <caom2:val>510.259399414</caom2:val>
                            </caom2:end>
                          </caom2:range>
                          <caom2:range>
                            <caom2:start>
                              <caom2:pix>70747.0</caom2:pix>
                              <caom2:val>506.350799561</caom2:val>
                            </caom2:start>
                            <caom2:end>
                              <caom2:pix>75800.0</caom2:pix>
                              <caom2:val>522.011230469</caom2:val>
                            </caom2:end>
                          </caom2:range>
                          <caom2:range>
                            <caom2:start>
                              <caom2:pix>75801.0</caom2:pix>
                              <caom2:val>517.927490234</caom2:val>
                            </caom2:start>
                            <caom2:end>
                              <caom2:pix>80970.0</caom2:pix>
                              <caom2:val>534.31451416</caom2:val>
                            </caom2:end>
                          </caom2:range>
                          <caom2:range>
                            <caom2:start>
                              <caom2:pix>80971.0</caom2:pix>
                              <caom2:val>530.036804199</caom2:val>
                            </caom2:start>
                            <caom2:end>
                              <caom2:pix>86263.0</caom2:pix>
                              <caom2:val>547.208679199</caom2:val>
                            </caom2:end>
                          </caom2:range>
                          <caom2:range>
                            <caom2:start>
                              <caom2:pix>86264.0</caom2:pix>
                              <caom2:val>542.724975586</caom2:val>
                            </caom2:start>
                            <caom2:end>
                              <caom2:pix>91686.0</caom2:pix>
                              <caom2:val>560.742675781</caom2:val>
                            </caom2:end>
                          </caom2:range>
                          <caom2:range>
                            <caom2:start>
                              <caom2:pix>91687.0</caom2:pix>
                              <caom2:val>556.03527832</caom2:val>
                            </caom2:start>
                            <caom2:end>
                              <caom2:pix>97244.0</caom2:pix>
                              <caom2:val>574.958374023</caom2:val>
                            </caom2:end>
                          </caom2:range>
                          <caom2:range>
                            <caom2:start>
                              <caom2:pix>97245.0</caom2:pix>
                              <caom2:val>570.015686035</caom2:val>
                            </caom2:start>
                            <caom2:end>
                              <caom2:pix>102944.0</caom2:pix>
                              <caom2:val>589.91418457</caom2:val>
                            </caom2:end>
                          </caom2:range>
                          <caom2:range>
                            <caom2:start>
                              <caom2:pix>102945.0</caom2:pix>
                              <caom2:val>584.714782715</caom2:val>
                            </caom2:start>
                            <caom2:end>
                              <caom2:pix>108794.0</caom2:pix>
                              <caom2:val>605.668395996</caom2:val>
                            </caom2:end>
                          </caom2:range>
                          <caom2:range>
                            <caom2:start>
                              <caom2:pix>108795.0</caom2:pix>
                              <caom2:val>600.186401367</caom2:val>
                            </caom2:start>
                            <caom2:end>
                              <caom2:pix>114804.0</caom2:pix>
                              <caom2:val>622.288574219</caom2:val>
                            </caom2:end>
                          </caom2:range>
                          <caom2:range>
                            <caom2:start>
                              <caom2:pix>114805.0</caom2:pix>
                              <caom2:val>616.507873535</caom2:val>
                            </caom2:start>
                            <caom2:end>
                              <caom2:pix>120980.0</caom2:pix>
                              <caom2:val>639.84362793</caom2:val>
                            </caom2:end>
                          </caom2:range>
                          <caom2:range>
                            <caom2:start>
                              <caom2:pix>120981.0</caom2:pix>
                              <caom2:val>633.724975586</caom2:val>
                            </caom2:start>
                            <caom2:end>
                              <caom2:pix>127334.0</caom2:pix>
                              <caom2:val>658.413574219</caom2:val>
                            </caom2:end>
                          </caom2:range>
                          <caom2:range>
                            <caom2:start>
                              <caom2:pix>127335.0</caom2:pix>
                              <caom2:val>651.944274902</caom2:val>
                            </caom2:start>
                            <caom2:end>
                              <caom2:pix>133874.0</caom2:pix>
                              <caom2:val>678.094116211</caom2:val>
                            </caom2:end>
                          </caom2:range>
                          <caom2:range>
                            <caom2:start>
                              <caom2:pix>133875.0</caom2:pix>
                              <caom2:val>671.457519531</caom2:val>
                            </caom2:start>
                            <caom2:end>
                              <caom2:pix>140516.0</caom2:pix>
                              <caom2:val>698.814025879</caom2:val>
                            </caom2:end>
                          </caom2:range>
                          <caom2:range>
                            <caom2:start>
                              <caom2:pix>140517.0</caom2:pix>
                              <caom2:val>692.446228027</caom2:val>
                            </caom2:start>
                            <caom2:end>
                              <caom2:pix>147158.0</caom2:pix>
                              <caom2:val>720.651123047</caom2:val>
                            </caom2:end>
                          </caom2:range>
                          <caom2:range>
                            <caom2:start>
                              <caom2:pix>147159.0</caom2:pix>
                              <caom2:val>714.788879395</caom2:val>
                            </caom2:start>
                            <caom2:end>
                              <caom2:pix>153800.0</caom2:pix>
                              <caom2:val>743.896972656</caom2:val>
                            </caom2:end>
                          </caom2:range>
                          <caom2:range>
                            <caom2:start>
                              <caom2:pix>153801.0</caom2:pix>
                              <caom2:val>738.62097168</caom2:val>
                            </caom2:start>
                            <caom2:end>
                              <caom2:pix>160442.0</caom2:pix>
                              <caom2:val>768.692382812</caom2:val>
                            </caom2:end>
                          </caom2:range>
                          <caom2:range>
                            <caom2:start>
                              <caom2:pix>160443.0</caom2:pix>
                              <caom2:val>764.096679688</caom2:val>
                            </caom2:start>
                            <caom2:end>
                              <caom2:pix>167084.0</caom2:pix>
                              <caom2:val>795.197998047</caom2:val>
                            </caom2:end>
                          </caom2:range>
                          <caom2:range>
                            <caom2:start>
                              <caom2:pix>167085.0</caom2:pix>
                              <caom2:val>791.392028809</caom2:val>
                            </caom2:start>
                            <caom2:end>
                              <caom2:pix>173726.0</caom2:pix>
                              <caom2:val>823.596679688</caom2:val>
                            </caom2:end>
                          </caom2:range>
                          <caom2:range>
                            <caom2:start>
                              <caom2:pix>173727.0</caom2:pix>
                              <caom2:val>820.709106445</caom2:val>
                            </caom2:start>
                            <caom2:end>
                              <caom2:pix>180368.0</caom2:pix>
                              <caom2:val>854.099121094</caom2:val>
                            </caom2:end>
                          </caom2:range>
                          <caom2:range>
                            <caom2:start>
                              <caom2:pix>180369.0</caom2:pix>
                              <caom2:val>852.281311035</caom2:val>
                            </caom2:start>
                            <caom2:end>
                              <caom2:pix>187010.0</caom2:pix>
                              <caom2:val>886.947692871</caom2:val>
                            </caom2:end>
                          </caom2:range>
                          <caom2:range>
                            <caom2:start>
                              <caom2:pix>187011.0</caom2:pix>
                              <caom2:val>886.379394531</caom2:val>
                            </caom2:start>
                            <caom2:end>
                              <caom2:pix>193652.0</caom2:pix>
                              <caom2:val>922.424377441</caom2:val>
                            </caom2:end>
                          </caom2:range>
                          <caom2:range>
                            <caom2:start>
                              <caom2:pix>193653.0</caom2:pix>
                              <caom2:val>923.319213867</caom2:val>
                            </caom2:start>
                            <caom2:end>
                              <caom2:pix>200294.0</caom2:pix>
                              <caom2:val>960.85748291</caom2:val>
                            </caom2:end>
                          </caom2:range>
                          <caom2:range>
                            <caom2:start>
                              <caom2:pix>200295.0</caom2:pix>
                              <caom2:val>963.471130371</caom2:val>
                            </caom2:start>
                            <caom2:end>
                              <caom2:pix>206936.0</caom2:pix>
                              <caom2:val>1002.63201904</caom2:val>
                            </caom2:end>
                          </caom2:range>
                          <caom2:range>
                            <caom2:start>
                              <caom2:pix>206937.0</caom2:pix>
                              <caom2:val>1007.27301025</caom2:val>
                            </caom2:start>
                            <caom2:end>
                              <caom2:pix>213578.0</caom2:pix>
                              <caom2:val>1048.20129395</caom2:val>
                            </caom2:end>
                          </caom2:range>
                        </caom2:samples>
                      </caom2:bounds>
                    </caom2:axis>
                    <caom2:specsys>TOPOCENT</caom2:specsys>
                    <caom2:ssysobs>TOPOCENT</caom2:ssysobs>
                    <caom2:ssyssrc>TOPOCENT</caom2:ssyssrc>
                    <caom2:resolvingPower>65000.0</caom2:resolvingPower>
                  </caom2:energy>
                  <caom2:time>
                    <caom2:axis>
                      <caom2:axis>
                        <caom2:ctype>TIME</caom2:ctype>
                        <caom2:cunit>d</caom2:cunit>
                      </caom2:axis>
                      <caom2:error>
                        <caom2:syser>1e-07</caom2:syser>
                        <caom2:rnder>1e-07</caom2:rnder>
                      </caom2:error>
                      <caom2:function>
                        <caom2:naxis>1</caom2:naxis>
                        <caom2:delta>0.0131944444444</caom2:delta>
                        <caom2:refCoord>
                          <caom2:pix>0.5</caom2:pix>
                          <caom2:val>54553.6400758</caom2:val>
                        </caom2:refCoord>
                      </caom2:function>
                    </caom2:axis>
                    <caom2:timesys>UTC</caom2:timesys>
                    <caom2:exposure>1140.0</caom2:exposure>
                    <caom2:resolution>1140.0</caom2:resolution>
                  </caom2:time>
                </caom2:chunk>
              </caom2:chunks>
            </caom2:part>
          </caom2:parts>
        </caom2:artifact>
      </caom2:artifacts>
    </caom2:plane>
    <caom2:plane caom2:id="00000000-0000-0000-510a-01408b10bef4" caom2:lastModified="2013-08-17T06:57:45.880" caom2:maxLastModified="2019-11-05T23:41:03.651" caom2:metaChecksum="md5:1cbf7af4d0f14af16da6b03f3bf899d8" caom2:accMetaChecksum="md5:11fe93b49287429293350d7cd6b1a88b" caom2:metaProducer="cfht2caom2/0.1.0">
      <caom2:productID>979339o</caom2:productID>
      <caom2:metaRelease>2008-03-28T00:00:00.000</caom2:metaRelease>
      <caom2:dataRelease>2009-08-31T00:00:00.000</caom2:dataRelease>
      <caom2:dataProductType>spectrum</caom2:dataProductType>
      <caom2:calibrationLevel>1</caom2:calibrationLevel>
      <caom2:provenance>
        <caom2:name>TCS</caom2:name>
        <caom2:producer>CFHT</caom2:producer>
        <caom2:reference>http://www.cfht.hawaii.edu/Instruments/Spectroscopy/Espadons/</caom2:reference>
      </caom2:provenance>
      <caom2:artifacts>
        <caom2:artifact caom2:id="00000000-0000-0000-510a-01408b10befa" caom2:lastModified="2017-12-13T18:20:08.693" caom2:maxLastModified="2017-12-13T18:20:08.693" caom2:metaChecksum="md5:a32e6de492b049f7a0198bc9de7788a1" caom2:accMetaChecksum="md5:0091881d3f4cd1b7eacbc5adf7c047c4" caom2:metaProducer="cfht2caom2/0.1.0">
          <caom2:uri>ad:CFHT/979339o.fits.gz</caom2:uri>
          <caom2:productType>science</caom2:productType>
          <caom2:releaseType>data</caom2:releaseType>
          <caom2:contentType>application/fits</caom2:contentType>
          <caom2:contentChecksum>md5:8a59508c32ae0b454d352bf7d2dcc099</caom2:contentChecksum>
          <caom2:parts>
            <caom2:part caom2:id="00000000-0000-0000-510a-01408b10befc" caom2:lastModified="2013-08-17T06:57:45.880" caom2:maxLastModified="2013-08-17T06:57:45.880" caom2:metaChecksum="md5:2681420ba482568e83f55db70e6eb0c5" caom2:accMetaChecksum="md5:3972fcc7207b4f3c4a13af305affdebf">
              <caom2:name>0</caom2:name>
              <caom2:chunks>
                <caom2:chunk caom2:id="00000000-0000-0000-510a-01408b10befd" caom2:lastModified="2013-08-17T06:57:51.687" caom2:maxLastModified="2013-08-17T06:57:51.687" caom2:metaChecksum="md5:44d831a1866b852e9b22f25382825afa" caom2:accMetaChecksum="md5:eb5ea10df10028843f14fa617bb492fd" caom2:metaProducer="cfht2caom2/0.1.0">
                  <caom2:naxis>2</caom2:naxis>
                  <caom2:positionAxis1>3</caom2:positionAxis1>
                  <caom2:positionAxis2>4</caom2:positionAxis2>
                  <caom2:energyAxis>1</caom2:energyAxis>
                  <caom2:timeAxis>5</caom2:timeAxis>
                  <caom2:position>
                    <caom2:axis>
                      <caom2:axis1>
                        <caom2:ctype>RA---TAN</caom2:ctype>
                        <caom2:cunit>deg</caom2:cunit>
                      </caom2:axis1>
                      <caom2:axis2>
                        <caom2:ctype>DEC--TAN</caom2:ctype>
                        <caom2:cunit>deg</caom2:cunit>
                      </caom2:axis2>
                      <caom2:error1>
                        <caom2:syser>2.78e-05</caom2:syser>
                        <caom2:rnder>2.78e-05</caom2:rnder>
                      </caom2:error1>
                      <caom2:error2>
                        <caom2:syser>2.78e-05</caom2:syser>
                        <caom2:rnder>2.78e-05</caom2:rnder>
                      </caom2:error2>
                      <caom2:function>
                        <caom2:dimension>
                          <caom2:naxis1>1</caom2:naxis1>
                          <caom2:naxis2>1</caom2:naxis2>
                        </caom2:dimension>
                        <caom2:refCoord>
                          <caom2:coord1>
                            <caom2:pix>1.0</caom2:pix>
                            <caom2:val>226.962917</caom2:val>
                          </caom2:coord1>
                          <caom2:coord2>
                            <caom2:pix>1.0</caom2:pix>
                            <caom2:val>-10.853694</caom2:val>
                          </caom2:coord2>
                        </caom2:refCoord>
                        <caom2:cd11>-0.000444</caom2:cd11>
                        <caom2:cd12>0.0</caom2:cd12>
                        <caom2:cd21>0.0</caom2:cd21>
                        <caom2:cd22>0.000444</caom2:cd22>
                      </caom2:function>
                    </caom2:axis>
                    <caom2:coordsys>FK5</caom2:coordsys>
                    <caom2:equinox>2000.0</caom2:equinox>
                  </caom2:position>
                  <caom2:energy>
                    <caom2:axis>
                      <caom2:axis>
                        <caom2:ctype>WAVE</caom2:ctype>
                        <caom2:cunit>nm</caom2:cunit>
                      </caom2:axis>
                      <caom2:range>
                        <caom2:start>
                          <caom2:pix>0.5</caom2:pix>
                          <caom2:val>370.0</caom2:val>
                        </caom2:start>
                        <caom2:end>
                          <caom2:pix>1.5</caom2:pix>
                          <caom2:val>1048.2948088</caom2:val>
                        </caom2:end>
                      </caom2:range>
                    </caom2:axis>
                    <caom2:specsys>TOPOCENT</caom2:specsys>
                    <caom2:ssysobs>TOPOCENT</caom2:ssysobs>
                    <caom2:ssyssrc>TOPOCENT</caom2:ssyssrc>
                    <caom2:resolvingPower>65000.0</caom2:resolvingPower>
                  </caom2:energy>
                  <caom2:time>
                    <caom2:axis>
                      <caom2:axis>
                        <caom2:ctype>TIME</caom2:ctype>
                        <caom2:cunit>d</caom2:cunit>
                      </caom2:axis>
                      <caom2:error>
                        <caom2:syser>1e-07</caom2:syser>
                        <caom2:rnder>1e-07</caom2:rnder>
                      </caom2:error>
                      <caom2:function>
                        <caom2:naxis>1</caom2:naxis>
                        <caom2:delta>0.0131944444444</caom2:delta>
                        <caom2:refCoord>
                          <caom2:pix>0.5</caom2:pix>
                          <caom2:val>54553.6400758</caom2:val>
                        </caom2:refCoord>
                      </caom2:function>
                    </caom2:axis>
                    <caom2:timesys>UTC</caom2:timesys>
                    <caom2:exposure>1140.0</caom2:exposure>
                    <caom2:resolution>1140.0</caom2:resolution>
                  </caom2:time>
                </caom2:chunk>
              </caom2:chunks>
            </caom2:part>
          </caom2:parts>
        </caom2:artifact>
      </caom2:artifacts>
    </caom2:plane>
  </caom2:planes>
</caom2:Observation>
