<caom2:Observation xmlns:caom2="http://www.opencadc.org/caom2/xml/v2.3" xmlns:xsi="http://www.w3.org/2001/XMLSchema-instance" xsi:type="caom2:SimpleObservation" caom2:id="00000000-0000-0000-c3a2-014ad4bfd206" caom2:lastModified="2017-04-28T21:12:33.840" caom2:maxLastModified="2017-11-13T09:35:05.937" caom2:metaChecksum="md5:22634ad1ae5b21e9563ac4bdd707d80a" caom2:accMetaChecksum="md5:e551db4f726bef038a2df17cbed16782">
  <caom2:collection>CFHT</caom2:collection>
  <caom2:observationID>1007126</caom2:observationID>
  <caom2:metaRelease>2008-07-10T20:24:45.000</caom2:metaRelease>
  <caom2:sequenceNumber>1007126</caom2:sequenceNumber>
  <caom2:algorithm>
    <caom2:name>exposure</caom2:name>
  </caom2:algorithm>
  <caom2:type>GUIDE</caom2:type>
  <caom2:intent>calibration</caom2:intent>
  <caom2:proposal>
    <caom2:id>08AE90</caom2:id>
    <caom2:pi>Engineering Team</caom2:pi>
  </caom2:proposal>
  <caom2:target>
    <caom2:name>Engineering</caom2:name>
    <caom2:standard>false</caom2:standard>
    <caom2:moving>false</caom2:moving>
  </caom2:target>
  <caom2:telescope>
    <caom2:name>CFHT 3.6m</caom2:name>
    <caom2:geoLocationX>-5464228.6</caom2:geoLocationX>
    <caom2:geoLocationY>-2493778.2</caom2:geoLocationY>
    <caom2:geoLocationZ>2150937.8</caom2:geoLocationZ>
  </caom2:telescope>
  <caom2:instrument>
    <caom2:name>WIRCam</caom2:name>
  </caom2:instrument>
  <caom2:environment>
    <caom2:humidity>18.3</caom2:humidity>
    <caom2:elevation>89.59</caom2:elevation>
    <caom2:ambientTemp>6.08</caom2:ambientTemp>
    <caom2:photometric>false</caom2:photometric>
  </caom2:environment>
  <caom2:planes>
    <caom2:plane caom2:id="00000000-0000-0000-c3a2-014ad4bfd7b9" caom2:lastModified="2015-01-10T16:49:11.000" caom2:maxLastModified="2017-11-13T09:35:05.937" caom2:metaChecksum="md5:7fb6505da148a019700a4e2259e0b7c1" caom2:accMetaChecksum="md5:9a2eab0d7a2033781267e79cf0042948">
      <caom2:productID>1007126og</caom2:productID>
      <caom2:metaRelease>2008-07-10T20:24:45.000</caom2:metaRelease>
      <caom2:dataRelease>2008-07-10T00:00:00.000</caom2:dataRelease>
      <caom2:dataProductType>image</caom2:dataProductType>
      <caom2:calibrationLevel>1</caom2:calibrationLevel>
      <caom2:provenance>
        <caom2:name>IIWI</caom2:name>
        <caom2:project>STANDARD PIPELINE</caom2:project>
        <caom2:producer>CFHT</caom2:producer>
        <caom2:runID>08Aw05</caom2:runID>
        <caom2:reference>http://www.cfht.hawaii.edu/Instruments/Imaging/WIRCam</caom2:reference>
      </caom2:provenance>
      <caom2:position/>
      <caom2:energy/>
      <caom2:time/>
      <caom2:polarization/>
      <caom2:artifacts>
        <caom2:artifact caom2:id="00000000-0000-0000-aefd-85d97f713636" caom2:lastModified="2017-11-13T09:35:05.937" caom2:maxLastModified="2017-11-13T09:35:05.937" caom2:metaChecksum="md5:69435665d943459af75856a6fe0d85d4" caom2:accMetaChecksum="md5:ccfca9a66ce383a042dfa31f5b522722">
          <caom2:uri>ad:CFHT/1007126_preview_1024.jpg</caom2:uri>
          <caom2:productType>preview</caom2:productType>
          <caom2:releaseType>data</caom2:releaseType>
          <caom2:contentType>image/jpeg</caom2:contentType>
          <caom2:contentLength>64775</caom2:contentLength>
          <caom2:contentChecksum>md5:2b04da0f9db3f2b5efb8b92e322244fa</caom2:contentChecksum>
          <caom2:parts/>
        </caom2:artifact>
        <caom2:artifact caom2:id="00000000-0000-0000-a902-dce7e3299b2b" caom2:lastModified="2017-11-13T09:35:05.937" caom2:maxLastModified="2017-11-13T09:35:05.937" caom2:metaChecksum="md5:1a13ec02fb212e1cb67b9a1a29d0bef8" caom2:accMetaChecksum="md5:1596dcefc9811556437eb7e468a06169">
          <caom2:uri>ad:CFHT/1007126_preview_256.jpg</caom2:uri>
          <caom2:productType>thumbnail</caom2:productType>
          <caom2:releaseType>meta</caom2:releaseType>
          <caom2:contentType>image/jpeg</caom2:contentType>
          <caom2:contentLength>12712</caom2:contentLength>
          <caom2:contentChecksum>md5:3e86b4b2de4d2ac9ca91f7b7aaada767</caom2:contentChecksum>
          <caom2:parts/>
        </caom2:artifact>
        <caom2:artifact caom2:id="00000000-0000-0000-ad38-a568dafe10da" caom2:lastModified="2017-11-13T09:35:05.937" caom2:maxLastModified="2017-11-13T09:35:05.937" caom2:metaChecksum="md5:a191d9055fce0ddce5c3a2ac36efa85e" caom2:accMetaChecksum="md5:23a3f5ad7ed9070d2c131313e8acc3e6">
          <caom2:uri>ad:CFHT/1007126_preview_zoom_1024.jpg</caom2:uri>
          <caom2:productType>preview</caom2:productType>
          <caom2:releaseType>data</caom2:releaseType>
          <caom2:contentType>image/jpeg</caom2:contentType>
          <caom2:contentLength>17268</caom2:contentLength>
          <caom2:contentChecksum>md5:2bc59682a12ce6cb1ffec78de72473b4</caom2:contentChecksum>
          <caom2:parts/>
        </caom2:artifact>
        <caom2:artifact caom2:id="00000000-0000-0000-c3a2-014ad4bfd7c1" caom2:lastModified="2017-11-13T09:35:05.937" caom2:maxLastModified="2017-11-13T09:35:05.937" caom2:metaChecksum="md5:a10ad173420b40f349ff96c8df169869" caom2:accMetaChecksum="md5:f38ed61f8e75b7dd5ca359c9abc02a08">
          <caom2:uri>ad:CFHT/1007126g.fits.gz</caom2:uri>
          <caom2:productType>auxiliary</caom2:productType>
          <caom2:releaseType>data</caom2:releaseType>
          <caom2:contentType>application/fits</caom2:contentType>
          <caom2:contentLength>334461</caom2:contentLength>
          <caom2:contentChecksum>md5:3a28b57efadf311ef180b5812b100bed</caom2:contentChecksum>
          <caom2:parts>
            <caom2:part caom2:id="00000000-0000-0000-c3a2-014ad4bfd7c4" caom2:lastModified="2015-01-10T16:49:11.000" caom2:maxLastModified="2015-01-10T16:49:11.000" caom2:metaChecksum="md5:b0c636ab46c4032ca00dbd8589114803" caom2:accMetaChecksum="md5:98804855c774d973f826cd19e97d8e7e">
              <caom2:name>0</caom2:name>
              <caom2:chunks/>
            </caom2:part>
            <caom2:part caom2:id="00000000-0000-0000-c3a2-014ad4bfd7c5" caom2:lastModified="2015-01-10T16:49:11.000" caom2:maxLastModified="2015-01-10T16:49:11.000" caom2:metaChecksum="md5:fbcb72c5c53c533e3b77df9980168c9f" caom2:accMetaChecksum="md5:275e9d31dfe754c547ddcd8d201323a0">
              <caom2:name>1</caom2:name>
              <caom2:chunks>
                <caom2:chunk caom2:id="00000000-0000-0000-c3a2-014ad4bfd7c6" caom2:lastModified="2015-01-10T16:49:11.000" caom2:maxLastModified="2015-01-10T16:49:11.000" caom2:metaChecksum="md5:eac76c2d9e9b935adcf7768f3b00dec1" caom2:accMetaChecksum="md5:fb3ae9e3f18c67f5cd31b15afe7ed11f">
                  <caom2:naxis>3</caom2:naxis>
                  <caom2:positionAxis1>1</caom2:positionAxis1>
                  <caom2:positionAxis2>2</caom2:positionAxis2>
                  <caom2:timeAxis>3</caom2:timeAxis>
                  <caom2:position>
                    <caom2:axis>
                      <caom2:axis1>
                        <caom2:ctype>RA---TAN</caom2:ctype>
                        <caom2:cunit>deg</caom2:cunit>
                      </caom2:axis1>
                      <caom2:axis2>
                        <caom2:ctype>DEC--TAN</caom2:ctype>
                        <caom2:cunit>deg</caom2:cunit>
                      </caom2:axis2>
                      <caom2:error1>
                        <caom2:syser>2.78e-05</caom2:syser>
                        <caom2:rnder>2.78e-05</caom2:rnder>
                      </caom2:error1>
                      <caom2:error2>
                        <caom2:syser>2.78e-05</caom2:syser>
                        <caom2:rnder>2.78e-05</caom2:rnder>
                      </caom2:error2>
                      <caom2:function>
                        <caom2:dimension>
                          <caom2:naxis1>14</caom2:naxis1>
                          <caom2:naxis2>14</caom2:naxis2>
                        </caom2:dimension>
                        <caom2:refCoord>
                          <caom2:coord1>
                            <caom2:pix>7.0</caom2:pix>
                            <caom2:val>0.0</caom2:val>
                          </caom2:coord1>
                          <caom2:coord2>
                            <caom2:pix>7.0</caom2:pix>
                            <caom2:val>0.0</caom2:val>
                          </caom2:coord2>
                        </caom2:refCoord>
                        <caom2:cd11>-8.3333333e-05</caom2:cd11>
                        <caom2:cd12>0.0</caom2:cd12>
                        <caom2:cd21>0.0</caom2:cd21>
                        <caom2:cd22>8.3333333e-05</caom2:cd22>
                      </caom2:function>
                    </caom2:axis>
                    <caom2:coordsys>FK5</caom2:coordsys>
                    <caom2:equinox>2000.0</caom2:equinox>
                  </caom2:position>
                  <caom2:time>
                    <caom2:axis>
                      <caom2:axis>
                        <caom2:ctype>TIME</caom2:ctype>
                        <caom2:cunit>d</caom2:cunit>
                      </caom2:axis>
                      <caom2:error>
                        <caom2:syser>1e-07</caom2:syser>
                        <caom2:rnder>1e-07</caom2:rnder>
                      </caom2:error>
                      <caom2:function>
                        <caom2:naxis>250</caom2:naxis>
                        <caom2:delta>2.31481e-07</caom2:delta>
                        <caom2:refCoord>
                          <caom2:pix>0.5</caom2:pix>
                          <caom2:val>54657.8505311</caom2:val>
                        </caom2:refCoord>
                      </caom2:function>
                    </caom2:axis>
                    <caom2:timesys>UTC</caom2:timesys>
                    <caom2:exposure>0.02</caom2:exposure>
                    <caom2:resolution>0.02</caom2:resolution>
                  </caom2:time>
                </caom2:chunk>
              </caom2:chunks>
            </caom2:part>
            <caom2:part caom2:id="00000000-0000-0000-c3a2-014ad4bfd7d6" caom2:lastModified="2015-01-10T16:49:11.000" caom2:maxLastModified="2015-01-10T16:49:11.000" caom2:metaChecksum="md5:f6b77994d1f598344e378729ebf8ad06" caom2:accMetaChecksum="md5:80e27abc0093e9c59ff39334f41bb59f">
              <caom2:name>2</caom2:name>
              <caom2:chunks>
                <caom2:chunk caom2:id="00000000-0000-0000-c3a2-014ad4bfd7d7" caom2:lastModified="2015-01-10T16:49:11.000" caom2:maxLastModified="2015-01-10T16:49:11.000" caom2:metaChecksum="md5:3721c7a3753626051bf4003bc925e02a" caom2:accMetaChecksum="md5:82f8908cbe3e37560dc2dca107d679bf">
                  <caom2:naxis>3</caom2:naxis>
                  <caom2:positionAxis1>1</caom2:positionAxis1>
                  <caom2:positionAxis2>2</caom2:positionAxis2>
                  <caom2:timeAxis>3</caom2:timeAxis>
                  <caom2:position>
                    <caom2:axis>
                      <caom2:axis1>
                        <caom2:ctype>RA---TAN</caom2:ctype>
                        <caom2:cunit>deg</caom2:cunit>
                      </caom2:axis1>
                      <caom2:axis2>
                        <caom2:ctype>DEC--TAN</caom2:ctype>
                        <caom2:cunit>deg</caom2:cunit>
                      </caom2:axis2>
                      <caom2:error1>
                        <caom2:syser>2.78e-05</caom2:syser>
                        <caom2:rnder>2.78e-05</caom2:rnder>
                      </caom2:error1>
                      <caom2:error2>
                        <caom2:syser>2.78e-05</caom2:syser>
                        <caom2:rnder>2.78e-05</caom2:rnder>
                      </caom2:error2>
                      <caom2:function>
                        <caom2:dimension>
                          <caom2:naxis1>14</caom2:naxis1>
                          <caom2:naxis2>14</caom2:naxis2>
                        </caom2:dimension>
                        <caom2:refCoord>
                          <caom2:coord1>
                            <caom2:pix>7.0</caom2:pix>
                            <caom2:val>0.0</caom2:val>
                          </caom2:coord1>
                          <caom2:coord2>
                            <caom2:pix>7.0</caom2:pix>
                            <caom2:val>0.0</caom2:val>
                          </caom2:coord2>
                        </caom2:refCoord>
                        <caom2:cd11>-8.3333333e-05</caom2:cd11>
                        <caom2:cd12>0.0</caom2:cd12>
                        <caom2:cd21>0.0</caom2:cd21>
                        <caom2:cd22>8.3333333e-05</caom2:cd22>
                      </caom2:function>
                    </caom2:axis>
                    <caom2:coordsys>FK5</caom2:coordsys>
                    <caom2:equinox>2000.0</caom2:equinox>
                  </caom2:position>
                  <caom2:time>
                    <caom2:axis>
                      <caom2:axis>
                        <caom2:ctype>TIME</caom2:ctype>
                        <caom2:cunit>d</caom2:cunit>
                      </caom2:axis>
                      <caom2:error>
                        <caom2:syser>1e-07</caom2:syser>
                        <caom2:rnder>1e-07</caom2:rnder>
                      </caom2:error>
                      <caom2:function>
                        <caom2:naxis>250</caom2:naxis>
                        <caom2:delta>2.31481e-07</caom2:delta>
                        <caom2:refCoord>
                          <caom2:pix>0.5</caom2:pix>
                          <caom2:val>54657.8505311</caom2:val>
                        </caom2:refCoord>
                      </caom2:function>
                    </caom2:axis>
                    <caom2:timesys>UTC</caom2:timesys>
                    <caom2:exposure>0.02</caom2:exposure>
                    <caom2:resolution>0.02</caom2:resolution>
                  </caom2:time>
                </caom2:chunk>
              </caom2:chunks>
            </caom2:part>
            <caom2:part caom2:id="00000000-0000-0000-c3a2-014ad4bfd7dc" caom2:lastModified="2015-01-10T16:49:11.000" caom2:maxLastModified="2015-01-10T16:49:11.000" caom2:metaChecksum="md5:4706949b2e53c0b77c7935b03ab5fb31" caom2:accMetaChecksum="md5:2d42ca14a500a811d9c93f846df651e7">
              <caom2:name>3</caom2:name>
              <caom2:chunks>
                <caom2:chunk caom2:id="00000000-0000-0000-c3a2-014ad4bfd7dd" caom2:lastModified="2015-01-10T16:49:11.000" caom2:maxLastModified="2015-01-10T16:49:11.000" caom2:metaChecksum="md5:9a36e353973c425c72bf42264da0d718" caom2:accMetaChecksum="md5:38a504f378396c5b16379ab598125282">
                  <caom2:naxis>3</caom2:naxis>
                  <caom2:positionAxis1>1</caom2:positionAxis1>
                  <caom2:positionAxis2>2</caom2:positionAxis2>
                  <caom2:timeAxis>3</caom2:timeAxis>
                  <caom2:position>
                    <caom2:axis>
                      <caom2:axis1>
                        <caom2:ctype>RA---TAN</caom2:ctype>
                        <caom2:cunit>deg</caom2:cunit>
                      </caom2:axis1>
                      <caom2:axis2>
                        <caom2:ctype>DEC--TAN</caom2:ctype>
                        <caom2:cunit>deg</caom2:cunit>
                      </caom2:axis2>
                      <caom2:error1>
                        <caom2:syser>2.78e-05</caom2:syser>
                        <caom2:rnder>2.78e-05</caom2:rnder>
                      </caom2:error1>
                      <caom2:error2>
                        <caom2:syser>2.78e-05</caom2:syser>
                        <caom2:rnder>2.78e-05</caom2:rnder>
                      </caom2:error2>
                      <caom2:function>
                        <caom2:dimension>
                          <caom2:naxis1>14</caom2:naxis1>
                          <caom2:naxis2>14</caom2:naxis2>
                        </caom2:dimension>
                        <caom2:refCoord>
                          <caom2:coord1>
                            <caom2:pix>7.0</caom2:pix>
                            <caom2:val>0.0</caom2:val>
                          </caom2:coord1>
                          <caom2:coord2>
                            <caom2:pix>7.0</caom2:pix>
                            <caom2:val>0.0</caom2:val>
                          </caom2:coord2>
                        </caom2:refCoord>
                        <caom2:cd11>-8.3333333e-05</caom2:cd11>
                        <caom2:cd12>0.0</caom2:cd12>
                        <caom2:cd21>0.0</caom2:cd21>
                        <caom2:cd22>8.3333333e-05</caom2:cd22>
                      </caom2:function>
                    </caom2:axis>
                    <caom2:coordsys>FK5</caom2:coordsys>
                    <caom2:equinox>2000.0</caom2:equinox>
                  </caom2:position>
                  <caom2:time>
                    <caom2:axis>
                      <caom2:axis>
                        <caom2:ctype>TIME</caom2:ctype>
                        <caom2:cunit>d</caom2:cunit>
                      </caom2:axis>
                      <caom2:error>
                        <caom2:syser>1e-07</caom2:syser>
                        <caom2:rnder>1e-07</caom2:rnder>
                      </caom2:error>
                      <caom2:function>
                        <caom2:naxis>250</caom2:naxis>
                        <caom2:delta>2.31481e-07</caom2:delta>
                        <caom2:refCoord>
                          <caom2:pix>0.5</caom2:pix>
                          <caom2:val>54657.8505311</caom2:val>
                        </caom2:refCoord>
                      </caom2:function>
                    </caom2:axis>
                    <caom2:timesys>UTC</caom2:timesys>
                    <caom2:exposure>0.02</caom2:exposure>
                    <caom2:resolution>0.02</caom2:resolution>
                  </caom2:time>
                </caom2:chunk>
              </caom2:chunks>
            </caom2:part>
            <caom2:part caom2:id="00000000-0000-0000-c3a2-014ad4bfd7e1" caom2:lastModified="2015-01-10T16:49:11.000" caom2:maxLastModified="2015-01-10T16:49:11.000" caom2:metaChecksum="md5:efc37a1f441aec5f1ef04ed31fa1cab7" caom2:accMetaChecksum="md5:0050aa2382796e40076f0e030b4b1f75">
              <caom2:name>4</caom2:name>
              <caom2:chunks>
                <caom2:chunk caom2:id="00000000-0000-0000-c3a2-014ad4bfd7e3" caom2:lastModified="2015-01-10T16:49:11.000" caom2:maxLastModified="2015-01-10T16:49:11.000" caom2:metaChecksum="md5:788e6d40feb639b687bd50fee929efb2" caom2:accMetaChecksum="md5:d39c1959d19e51d1034dc6b09bac5f54">
                  <caom2:naxis>3</caom2:naxis>
                  <caom2:positionAxis1>1</caom2:positionAxis1>
                  <caom2:positionAxis2>2</caom2:positionAxis2>
                  <caom2:timeAxis>3</caom2:timeAxis>
                  <caom2:position>
                    <caom2:axis>
                      <caom2:axis1>
                        <caom2:ctype>RA---TAN</caom2:ctype>
                        <caom2:cunit>deg</caom2:cunit>
                      </caom2:axis1>
                      <caom2:axis2>
                        <caom2:ctype>DEC--TAN</caom2:ctype>
                        <caom2:cunit>deg</caom2:cunit>
                      </caom2:axis2>
                      <caom2:error1>
                        <caom2:syser>2.78e-05</caom2:syser>
                        <caom2:rnder>2.78e-05</caom2:rnder>
                      </caom2:error1>
                      <caom2:error2>
                        <caom2:syser>2.78e-05</caom2:syser>
                        <caom2:rnder>2.78e-05</caom2:rnder>
                      </caom2:error2>
                      <caom2:function>
                        <caom2:dimension>
                          <caom2:naxis1>14</caom2:naxis1>
                          <caom2:naxis2>14</caom2:naxis2>
                        </caom2:dimension>
                        <caom2:refCoord>
                          <caom2:coord1>
                            <caom2:pix>7.0</caom2:pix>
                            <caom2:val>0.0</caom2:val>
                          </caom2:coord1>
                          <caom2:coord2>
                            <caom2:pix>7.0</caom2:pix>
                            <caom2:val>0.0</caom2:val>
                          </caom2:coord2>
                        </caom2:refCoord>
                        <caom2:cd11>-8.3333333e-05</caom2:cd11>
                        <caom2:cd12>0.0</caom2:cd12>
                        <caom2:cd21>0.0</caom2:cd21>
                        <caom2:cd22>8.3333333e-05</caom2:cd22>
                      </caom2:function>
                    </caom2:axis>
                    <caom2:coordsys>FK5</caom2:coordsys>
                    <caom2:equinox>2000.0</caom2:equinox>
                  </caom2:position>
                  <caom2:time>
                    <caom2:axis>
                      <caom2:axis>
                        <caom2:ctype>TIME</caom2:ctype>
                        <caom2:cunit>d</caom2:cunit>
                      </caom2:axis>
                      <caom2:error>
                        <caom2:syser>1e-07</caom2:syser>
                        <caom2:rnder>1e-07</caom2:rnder>
                      </caom2:error>
                      <caom2:function>
                        <caom2:naxis>250</caom2:naxis>
                        <caom2:delta>2.31481e-07</caom2:delta>
                        <caom2:refCoord>
                          <caom2:pix>0.5</caom2:pix>
                          <caom2:val>54657.8505311</caom2:val>
                        </caom2:refCoord>
                      </caom2:function>
                    </caom2:axis>
                    <caom2:timesys>UTC</caom2:timesys>
                    <caom2:exposure>0.02</caom2:exposure>
                    <caom2:resolution>0.02</caom2:resolution>
                  </caom2:time>
                </caom2:chunk>
              </caom2:chunks>
            </caom2:part>
            <caom2:part caom2:id="00000000-0000-0000-c3a2-014ad4bfd7e6" caom2:lastModified="2015-01-10T16:49:11.000" caom2:maxLastModified="2015-01-10T16:49:11.000" caom2:metaChecksum="md5:bf978c1176a670780d6938e7ac64017b" caom2:accMetaChecksum="md5:31d408a82cc000ad8613d314ee8999c8">
              <caom2:name>5</caom2:name>
              <caom2:chunks>
                <caom2:chunk caom2:id="00000000-0000-0000-c3a2-014ad4bfd7e8" caom2:lastModified="2015-01-10T16:49:11.000" caom2:maxLastModified="2015-01-10T16:49:11.000" caom2:metaChecksum="md5:e8ff25aef409a09fd0a9979a0d6cb6ba" caom2:accMetaChecksum="md5:ce3aa4cb978ff0fb43f069769a3064be">
                  <caom2:naxis>3</caom2:naxis>
                  <caom2:positionAxis1>1</caom2:positionAxis1>
                  <caom2:positionAxis2>2</caom2:positionAxis2>
                  <caom2:timeAxis>3</caom2:timeAxis>
                  <caom2:position>
                    <caom2:axis>
                      <caom2:axis1>
                        <caom2:ctype>RA---TAN</caom2:ctype>
                        <caom2:cunit>deg</caom2:cunit>
                      </caom2:axis1>
                      <caom2:axis2>
                        <caom2:ctype>DEC--TAN</caom2:ctype>
                        <caom2:cunit>deg</caom2:cunit>
                      </caom2:axis2>
                      <caom2:error1>
                        <caom2:syser>2.78e-05</caom2:syser>
                        <caom2:rnder>2.78e-05</caom2:rnder>
                      </caom2:error1>
                      <caom2:error2>
                        <caom2:syser>2.78e-05</caom2:syser>
                        <caom2:rnder>2.78e-05</caom2:rnder>
                      </caom2:error2>
                      <caom2:function>
                        <caom2:dimension>
                          <caom2:naxis1>14</caom2:naxis1>
                          <caom2:naxis2>14</caom2:naxis2>
                        </caom2:dimension>
                        <caom2:refCoord>
                          <caom2:coord1>
                            <caom2:pix>7.0</caom2:pix>
                            <caom2:val>0.0</caom2:val>
                          </caom2:coord1>
                          <caom2:coord2>
                            <caom2:pix>7.0</caom2:pix>
                            <caom2:val>0.0</caom2:val>
                          </caom2:coord2>
                        </caom2:refCoord>
                        <caom2:cd11>-8.3333333e-05</caom2:cd11>
                        <caom2:cd12>0.0</caom2:cd12>
                        <caom2:cd21>0.0</caom2:cd21>
                        <caom2:cd22>8.3333333e-05</caom2:cd22>
                      </caom2:function>
                    </caom2:axis>
                    <caom2:coordsys>FK5</caom2:coordsys>
                    <caom2:equinox>2000.0</caom2:equinox>
                  </caom2:position>
                  <caom2:time>
                    <caom2:axis>
                      <caom2:axis>
                        <caom2:ctype>TIME</caom2:ctype>
                        <caom2:cunit>d</caom2:cunit>
                      </caom2:axis>
                      <caom2:error>
                        <caom2:syser>1e-07</caom2:syser>
                        <caom2:rnder>1e-07</caom2:rnder>
                      </caom2:error>
                      <caom2:function>
                        <caom2:naxis>250</caom2:naxis>
                        <caom2:delta>2.31481e-07</caom2:delta>
                        <caom2:refCoord>
                          <caom2:pix>0.5</caom2:pix>
                          <caom2:val>54657.8505311</caom2:val>
                        </caom2:refCoord>
                      </caom2:function>
                    </caom2:axis>
                    <caom2:timesys>UTC</caom2:timesys>
                    <caom2:exposure>0.02</caom2:exposure>
                    <caom2:resolution>0.02</caom2:resolution>
                  </caom2:time>
                </caom2:chunk>
              </caom2:chunks>
            </caom2:part>
          </caom2:parts>
        </caom2:artifact>
      </caom2:artifacts>
    </caom2:plane>
  </caom2:planes>
</caom2:Observation>
