<caom2:Observation xmlns:caom2="http://www.opencadc.org/caom2/xml/v2.3" xmlns:xsi="http://www.w3.org/2001/XMLSchema-instance" xsi:type="caom2:SimpleObservation" caom2:id="00000000-0000-0000-1e51-0eae55bfd76a" caom2:lastModified="2015-02-09T21:19:48.440" caom2:maxLastModified="2017-11-29T18:02:31.410" caom2:metaChecksum="md5:fb7a01947d8afb4d309047038d28c3d5" caom2:accMetaChecksum="md5:64146b075b470c1cadc96f3dda0c4977">
  <caom2:collection>CFHT</caom2:collection>
  <caom2:observationID>839579</caom2:observationID>
  <caom2:metaRelease>2006-03-07T18:40:39.000</caom2:metaRelease>
  <caom2:sequenceNumber>839579</caom2:sequenceNumber>
  <caom2:algorithm>
    <caom2:name>exposure</caom2:name>
  </caom2:algorithm>
  <caom2:type>GUIDE</caom2:type>
  <caom2:intent>calibration</caom2:intent>
  <caom2:proposal>
    <caom2:id>unknown</caom2:id>
  </caom2:proposal>
  <caom2:telescope>
    <caom2:name>CFHT 3.6m</caom2:name>
    <caom2:geoLocationX>-5464228.6</caom2:geoLocationX>
    <caom2:geoLocationY>-2493778.2</caom2:geoLocationY>
    <caom2:geoLocationZ>2150937.8</caom2:geoLocationZ>
  </caom2:telescope>
  <caom2:instrument>
    <caom2:name>WIRCam</caom2:name>
  </caom2:instrument>
  <caom2:planes>
    <caom2:plane caom2:id="00000000-0000-0000-0e2f-0eae55c0476d" caom2:lastModified="2015-02-09T21:19:48.440" caom2:maxLastModified="2017-11-29T18:02:31.410" caom2:metaChecksum="md5:53424c0d3fd43f6d579d6b62d777b6a1" caom2:accMetaChecksum="md5:562b51cddd53e3bc68236e28ca5e195c">
      <caom2:productID>839579g</caom2:productID>
      <caom2:metaRelease>2006-03-07T18:40:39.000</caom2:metaRelease>
      <caom2:dataRelease>2013-01-01T00:00:00.000</caom2:dataRelease>
      <caom2:dataProductType>spectrum</caom2:dataProductType>
      <caom2:calibrationLevel>1</caom2:calibrationLevel>
      <caom2:provenance>
        <caom2:name>TCS</caom2:name>
        <caom2:producer>CFHT</caom2:producer>
        <caom2:reference>http://www.cfht.hawaii.edu/Instruments/</caom2:reference>
      </caom2:provenance>
      <caom2:position/>
      <caom2:energy>
        <caom2:bounds>
          <caom2:lower>3.5000000000000004e-07</caom2:lower>
          <caom2:upper>9.000000000000001e-07</caom2:upper>
          <caom2:samples>
            <caom2:sample>
              <caom2:lower>3.5000000000000004e-07</caom2:lower>
              <caom2:upper>9.000000000000001e-07</caom2:upper>
            </caom2:sample>
          </caom2:samples>
        </caom2:bounds>
        <caom2:dimension>2</caom2:dimension>
        <caom2:sampleSize>5.5e-07</caom2:sampleSize>
        <caom2:emBand>Optical</caom2:emBand>
      </caom2:energy>
      <caom2:time/>
      <caom2:polarization/>
      <caom2:artifacts>
        <caom2:artifact caom2:id="00000000-0000-0000-9f44-873fe6874d8e" caom2:lastModified="2017-11-29T18:02:31.410" caom2:maxLastModified="2017-11-29T18:02:31.410" caom2:metaChecksum="md5:2ed3fa91d645707d2bfa8bb2d83830bf" caom2:accMetaChecksum="md5:93e7aa31e1ed2cead4b09785b3d1b4db">
          <caom2:uri>ad:CFHT/839579_preview_1024.jpg</caom2:uri>
          <caom2:productType>preview</caom2:productType>
          <caom2:releaseType>data</caom2:releaseType>
          <caom2:contentType>image/jpeg</caom2:contentType>
          <caom2:contentLength>21984</caom2:contentLength>
          <caom2:contentChecksum>md5:85faaa5ee1d079aeb80fb8263dfc5cd2</caom2:contentChecksum>
          <caom2:parts/>
        </caom2:artifact>
        <caom2:artifact caom2:id="00000000-0000-0000-ab1b-bd4a2f394f3c" caom2:lastModified="2017-11-29T18:02:31.410" caom2:maxLastModified="2017-11-29T18:02:31.410" caom2:metaChecksum="md5:939cf7bb9f4a1bd8e104cf77ed520151" caom2:accMetaChecksum="md5:5f2bfb68377b4d1838f44a301e5da8c7">
          <caom2:uri>ad:CFHT/839579_preview_256.jpg</caom2:uri>
          <caom2:productType>thumbnail</caom2:productType>
          <caom2:releaseType>meta</caom2:releaseType>
          <caom2:contentType>image/jpeg</caom2:contentType>
          <caom2:contentLength>2809</caom2:contentLength>
          <caom2:contentChecksum>md5:3b47311ea59f2e44e55c4ca7a6eff890</caom2:contentChecksum>
          <caom2:parts/>
        </caom2:artifact>
        <caom2:artifact caom2:id="00000000-0000-0000-9b2d-c575cf58dafc" caom2:lastModified="2017-11-29T18:02:31.410" caom2:maxLastModified="2017-11-29T18:02:31.410" caom2:metaChecksum="md5:4d2103075f472d2e8dcb686dcbf0a33d" caom2:accMetaChecksum="md5:0ab421eb42ba64feb2d320f40f137fe3">
          <caom2:uri>ad:CFHT/839579_preview_zoom_1024.jpg</caom2:uri>
          <caom2:productType>preview</caom2:productType>
          <caom2:releaseType>data</caom2:releaseType>
          <caom2:contentType>image/jpeg</caom2:contentType>
          <caom2:contentLength>17145</caom2:contentLength>
          <caom2:contentChecksum>md5:c5d4871b56e9b85ed53bb2763000a737</caom2:contentChecksum>
          <caom2:parts/>
        </caom2:artifact>
        <caom2:artifact caom2:id="00000000-0000-0000-dd70-0eae55c04aea" caom2:lastModified="2017-11-29T18:02:31.410" caom2:maxLastModified="2017-11-29T18:02:31.410" caom2:metaChecksum="md5:60d8cf60d63511240b1f9631934e49a9" caom2:accMetaChecksum="md5:649cade7bba03b17ff9a0001e649be3a">
          <caom2:uri>ad:CFHT/839579g.fits.fz</caom2:uri>
          <caom2:productType>calibration</caom2:productType>
          <caom2:releaseType>data</caom2:releaseType>
          <caom2:contentType>application/fits</caom2:contentType>
          <caom2:contentLength>7951680</caom2:contentLength>
          <caom2:contentChecksum>md5:3df9ca754c50666db2172376b2598fd1</caom2:contentChecksum>
          <caom2:parts>
            <caom2:part caom2:id="00000000-0000-0000-241f-0eae55c04bbb" caom2:lastModified="2015-02-09T21:19:48.440" caom2:maxLastModified="2017-07-15T20:33:31.520" caom2:metaChecksum="md5:024b38f6b4ca136c61e452807ff343ea" caom2:accMetaChecksum="md5:805320ee16b91492052eff9662a619ad">
              <caom2:name>0</caom2:name>
              <caom2:chunks>
                <caom2:chunk caom2:id="00000000-0000-0000-0afd-0eae55c14e3e" caom2:lastModified="2017-07-15T20:33:31.520" caom2:maxLastModified="2017-07-15T20:33:31.520" caom2:metaChecksum="md5:8931cbae774d4049f32c14dca96955a6" caom2:accMetaChecksum="md5:da99ead2c68be0a20a0b6c51a168726c">
                  <caom2:productType>calibration</caom2:productType>
                  <caom2:naxis>0</caom2:naxis>
                  <caom2:positionAxis1>1</caom2:positionAxis1>
                  <caom2:positionAxis2>2</caom2:positionAxis2>
                  <caom2:energy>
                    <caom2:axis>
                      <caom2:axis>
                        <caom2:ctype>WAVE</caom2:ctype>
                        <caom2:cunit>nm</caom2:cunit>
                      </caom2:axis>
                      <caom2:range>
                        <caom2:start>
                          <caom2:pix>0.5</caom2:pix>
                          <caom2:val>350.0</caom2:val>
                        </caom2:start>
                        <caom2:end>
                          <caom2:pix>1.5</caom2:pix>
                          <caom2:val>900.0</caom2:val>
                        </caom2:end>
                      </caom2:range>
                    </caom2:axis>
                    <caom2:specsys>TOPOCENT</caom2:specsys>
                    <caom2:ssysobs>TOPOCENT</caom2:ssysobs>
                    <caom2:ssyssrc>TOPOCENT</caom2:ssyssrc>
                  </caom2:energy>
                </caom2:chunk>
              </caom2:chunks>
            </caom2:part>
            <caom2:part caom2:id="00000000-0000-0000-a341-0eae55c14ef4" caom2:lastModified="2015-02-09T21:19:48.440" caom2:maxLastModified="2017-07-15T20:33:31.520" caom2:metaChecksum="md5:04c1007cb95f509e812d05019d0cb8f6" caom2:accMetaChecksum="md5:cbb484e190cd12db95b0aa5ac99f0fa3">
              <caom2:name>1</caom2:name>
              <caom2:chunks>
                <caom2:chunk caom2:id="00000000-0000-0000-38fa-0eae55c1585e" caom2:lastModified="2017-07-15T20:33:31.520" caom2:maxLastModified="2017-07-15T20:33:31.520" caom2:metaChecksum="md5:280c3802021b117904390247289b16a2" caom2:accMetaChecksum="md5:bac17bde314a557e2b997054195660de">
                  <caom2:productType>calibration</caom2:productType>
                  <caom2:naxis>3</caom2:naxis>
                  <caom2:positionAxis1>1</caom2:positionAxis1>
                  <caom2:positionAxis2>2</caom2:positionAxis2>
                  <caom2:energy>
                    <caom2:axis>
                      <caom2:axis>
                        <caom2:ctype>WAVE</caom2:ctype>
                        <caom2:cunit>nm</caom2:cunit>
                      </caom2:axis>
                      <caom2:range>
                        <caom2:start>
                          <caom2:pix>0.5</caom2:pix>
                          <caom2:val>350.0</caom2:val>
                        </caom2:start>
                        <caom2:end>
                          <caom2:pix>1.5</caom2:pix>
                          <caom2:val>900.0</caom2:val>
                        </caom2:end>
                      </caom2:range>
                    </caom2:axis>
                    <caom2:specsys>TOPOCENT</caom2:specsys>
                    <caom2:ssysobs>TOPOCENT</caom2:ssysobs>
                    <caom2:ssyssrc>TOPOCENT</caom2:ssyssrc>
                  </caom2:energy>
                </caom2:chunk>
              </caom2:chunks>
            </caom2:part>
          </caom2:parts>
        </caom2:artifact>
      </caom2:artifacts>
    </caom2:plane>
  </caom2:planes>
</caom2:Observation>
